// Jest Snapshot v1, https://goo.gl/fbAQLP

exports[`snapshot 1`] = `
<View>
  <Text>
    I am a snapshot
  </Text>
</View>
`;
